Copyright 1986-2019 Xilinx, Inc. All Rights Reserved.
------------------------------------------------------------------------------------------
| Tool Version : Vivado v.2019.1 (win64) Build 2552052 Fri May 24 14:49:42 MDT 2019
| Date         : Tue Mar 31 13:33:25 2020
| Host         : Steven-Win10-2 running 64-bit major release  (build 9200)
| Command      : report_control_sets -verbose -file dkong_wrapper_control_sets_placed.rpt
| Design       : dkong_wrapper
| Device       : xc7z020
------------------------------------------------------------------------------------------

Control Set Information

Table of Contents
-----------------
1. Summary
2. Histogram
3. Flip-Flop Distribution
4. Detailed Control Set Information

1. Summary
----------

+----------------------------------------------------------+-------+
|                          Status                          | Count |
+----------------------------------------------------------+-------+
| Total control sets                                       |    89 |
|    Minimum number of control sets                        |    89 |
|    Addition due to synthesis replication                 |     0 |
|    Addition due to physical synthesis replication        |     0 |
| Unused register locations in slices containing registers |   138 |
+----------------------------------------------------------+-------+
* Control sets can be merged at opt_design using control_set_merge or merge_equivalent_drivers
** Run report_qor_suggestions for automated merging and remapping suggestions


2. Histogram
------------

+--------------------+-------+
|       Fanout       | Count |
+--------------------+-------+
| Total control sets |    89 |
| >= 0 to < 4        |     1 |
| >= 4 to < 6        |    11 |
| >= 6 to < 8        |     8 |
| >= 8 to < 10       |    42 |
| >= 10 to < 12      |     5 |
| >= 12 to < 14      |     0 |
| >= 14 to < 16      |     5 |
| >= 16              |    17 |
+--------------------+-------+
* Control sets can be remapped at either synth_design or opt_design


3. Flip-Flop Distribution
-------------------------

+--------------+-----------------------+------------------------+-----------------+--------------+
| Clock Enable | Synchronous Set/Reset | Asynchronous Set/Reset | Total Registers | Total Slices |
+--------------+-----------------------+------------------------+-----------------+--------------+
| No           | No                    | No                     |             159 |           72 |
| No           | No                    | Yes                    |              74 |           34 |
| No           | Yes                   | No                     |              49 |           25 |
| Yes          | No                    | No                     |             151 |           65 |
| Yes          | No                    | Yes                    |             268 |          129 |
| Yes          | Yes                   | No                     |             281 |           94 |
+--------------+-----------------------+------------------------+-----------------+--------------+


4. Detailed Control Set Information
-----------------------------------

+----------------------------------------------------+--------------------------------------------------------------------------------------------------+----------------------------------------------------------------------------------+------------------+----------------+
|                    Clock Signal                    |                                           Enable Signal                                          |                                 Set/Reset Signal                                 | Slice Load Count | Bel Load Count |
+----------------------------------------------------+--------------------------------------------------------------------------------------------------+----------------------------------------------------------------------------------+------------------+----------------+
|  dkong_i/clk_wiz_0/inst/vgaclk                     |                                                                                                  | dkong_i/framedoubler_slow_0/inst/RSTC                                            |                1 |              1 |
|  dkong_i/clk_wiz_0/inst/vgaclk                     |                                                                                                  | dkong_i/proc_sys_reset_1/U0/EXT_LPF/lpf_int                                      |                2 |              4 |
|  dkong_i/clk_wiz_0/inst/coreclk                    | dkong_i/dkong_system_wrapper_0/inst/inst/vid/tile/tile_col[3]_i_1_n_0                            |                                                                                  |                1 |              4 |
|  dkong_i/clk_wiz_0/inst/coreclk                    |                                                                                                  | dkong_i/proc_sys_reset_0/U0/EXT_LPF/lpf_int                                      |                3 |              4 |
|  dkong_i/clk_wiz_0/inst/soundclk                   | dkong_i/dkong_system_wrapper_0/inst/inst/sou/cpu/decoder_b/mnemonic_q_reg[2]_0[0]                | dkong_i/dkong_system_wrapper_0/inst/inst/mycpu/i_tv80_core/rst_n_0               |                1 |              4 |
|  dkong_i/clk_wiz_0/inst/soundclk                   | dkong_i/dkong_system_wrapper_0/inst/inst/sou/cpu/decoder_b/opc_opcode_q_reg[1]_1[0]              | dkong_i/dkong_system_wrapper_0/inst/inst/mycpu/i_tv80_core/rst_n_0               |                2 |              4 |
|  dkong_i/clk_wiz_0/inst/soundclk                   | dkong_i/dkong_system_wrapper_0/inst/inst/sou/cpu/decoder_b/mnemonic_q_reg[2]_0[1]                | dkong_i/dkong_system_wrapper_0/inst/inst/mycpu/i_tv80_core/rst_n_0               |                2 |              4 |
|  dkong_i/clk_wiz_0/inst/coreclk                    | dkong_i/dkong_system_wrapper_0/inst/inst/mycpu/i_tv80_core/m_obus_reg[addr][1]_0[0]              | dkong_i/dkong_system_wrapper_0/inst/inst/mycpu/i_tv80_core/rst_n_0               |                2 |              4 |
|  dkong_i/clk_wiz_0/inst/soundclk                   | dkong_i/dkong_system_wrapper_0/inst/inst/sou/cpu/clock_ctrl_b/FSM_onehot_mstate_q_reg[2]_2[0]    | dkong_i/dkong_system_wrapper_0/inst/inst/mycpu/i_tv80_core/rst_n_0               |                1 |              4 |
|  dkong_i/clk_wiz_0/inst/coreclk                    | dkong_i/dkong_system_wrapper_0/inst/inst/vid/sprite/sprite_hflip_i_1_n_0                         | dkong_i/dkong_system_wrapper_0/inst/inst/mycpu/i_tv80_core/rst_n_0               |                1 |              5 |
|  dkong_i/dkong_system_wrapper_0/inst/inst/vid/Q[1] |                                                                                                  |                                                                                  |                4 |              5 |
|  dkong_i/clk_wiz_0/inst/soundclk                   | dkong_i/dkong_system_wrapper_0/inst/inst/sou/cpu/clock_ctrl_b/use_xtal_div.xtal_q_reg[0]_1[0]    | dkong_i/dkong_system_wrapper_0/inst/inst/mycpu/i_tv80_core/rst_n_0               |                1 |              5 |
|  dkong_i/clk_wiz_0/inst/soundclk                   | dkong_i/dkong_system_wrapper_0/inst/inst/sou/cpu/decoder_b/dmem_addr_q                           | dkong_i/dkong_system_wrapper_0/inst/inst/mycpu/i_tv80_core/rst_n_0               |                4 |              6 |
|  dkong_i/clk_wiz_0/inst/coreclk                    | dkong_i/dkong_system_wrapper_0/inst/inst/vid/sprite/linebuf_dout_buf[5]_i_1_n_0                  | dkong_i/dkong_system_wrapper_0/inst/inst/mycpu/i_tv80_core/rst_n_0               |                1 |              6 |
|  dkong_i/clk_wiz_0/inst/coreclk                    | dkong_i/proc_sys_reset_0/U0/SEQ/seq_cnt_en                                                       | dkong_i/proc_sys_reset_0/U0/SEQ/SEQ_COUNTER/clear                                |                1 |              6 |
|  dkong_i/clk_wiz_0/inst/vgaclk                     | dkong_i/proc_sys_reset_1/U0/SEQ/seq_cnt_en                                                       | dkong_i/proc_sys_reset_1/U0/SEQ/SEQ_COUNTER/clear                                |                1 |              6 |
|  dkong_i/clk_wiz_0/inst/soundclk                   | dkong_i/dkong_system_wrapper_0/inst/inst/sou/cpu/clock_ctrl_b/FSM_onehot_mstate_q_reg[0]_6[0]    | dkong_i/dkong_system_wrapper_0/inst/inst/mycpu/i_tv80_core/rst_n_0               |                6 |              6 |
|  dkong_i/clk_wiz_0/inst/coreclk                    | dkong_i/dkong_system_wrapper_0/inst/inst/mycpu/i_tv80_core/m_obus_reg[addr][2]_0[0]              |                                                                                  |                4 |              6 |
|  dkong_i/clk_wiz_0/inst/coreclk                    | dkong_i/dkong_system_wrapper_0/inst/inst/vid/sprite/sprite_hflip_buf0                            | dkong_i/dkong_system_wrapper_0/inst/inst/mycpu/i_tv80_core/rst_n_0               |                3 |              7 |
|  dkong_i/dkong_system_wrapper_0/inst/inst/vid/Q[1] | dkong_i/dkong_system_wrapper_0/inst/inst/mycpu/i_tv80_core/tstate_0                              | dkong_i/dkong_system_wrapper_0/inst/inst/mycpu/i_tv80_core/rst_n_0               |                2 |              7 |
|  dkong_i/clk_wiz_0/inst/vgaclk                     | dkong_i/framedoubler_slow_0/inst/CEB2                                                            | dkong_i/framedoubler_slow_0/inst/RSTC                                            |                2 |              8 |
|  dkong_i/clk_wiz_0/inst/vgaclk                     | dkong_i/framedoubler_slow_0/inst/CEC                                                             | dkong_i/framedoubler_slow_0/inst/RSTC                                            |                2 |              8 |
|  dkong_i/clk_wiz_0/inst/vgaclk                     | dkong_i/framedoubler_slow_0/inst/out_g[3]_i_1_n_0                                                |                                                                                  |                3 |              8 |
|  dkong_i/dkong_system_wrapper_0/inst/inst/vid/Q[1] | dkong_i/dkong_system_wrapper_0/inst/inst/mycpu/i_tv80_core/SP[7]_i_1_n_0                         | dkong_i/dkong_system_wrapper_0/inst/inst/mycpu/i_tv80_core/rst_n_0               |                2 |              8 |
|  dkong_i/dkong_system_wrapper_0/inst/inst/vid/Q[1] | dkong_i/dkong_system_wrapper_0/inst/inst/mycpu/i_tv80_core/SP[15]_i_1_n_0                        | dkong_i/dkong_system_wrapper_0/inst/inst/mycpu/i_tv80_core/rst_n_0               |                4 |              8 |
|  dkong_i/clk_wiz_0/inst/soundclk                   |                                                                                                  |                                                                                  |                2 |              8 |
|  dkong_i/dkong_system_wrapper_0/inst/inst/vid/Q[1] | dkong_i/dkong_system_wrapper_0/inst/inst/mycpu/i_tv80_core/TmpAddr[7]_i_1_n_0                    | dkong_i/dkong_system_wrapper_0/inst/inst/mycpu/i_tv80_core/rst_n_0               |                3 |              8 |
|  dkong_i/clk_wiz_0/inst/soundclk                   | dkong_i/dkong_system_wrapper_0/inst/inst/sou/cpu/decoder_b/dmem_we                               |                                                                                  |                2 |              8 |
|  dkong_i/clk_wiz_0/inst/soundclk                   | dkong_i/dkong_system_wrapper_0/inst/inst/sou/cpu/decoder_b/E[0]                                  | dkong_i/dkong_system_wrapper_0/inst/inst/mycpu/i_tv80_core/rst_n_0               |                2 |              8 |
|  dkong_i/clk_wiz_0/inst/soundclk                   | dkong_i/dkong_system_wrapper_0/inst/inst/sou/cpu/decoder_b/opc_opcode_q_reg[1]_2[0]              | dkong_i/dkong_system_wrapper_0/inst/inst/mycpu/i_tv80_core/rst_n_0               |                6 |              8 |
|  dkong_i/clk_wiz_0/inst/soundclk                   | dkong_i/dkong_system_wrapper_0/inst/inst/sou/cpu/clock_ctrl_b/ale_q_reg_0                        |                                                                                  |                2 |              8 |
|  dkong_i/dkong_system_wrapper_0/inst/inst/vid/Q[1] | dkong_i/dkong_system_wrapper_0/inst/inst/mycpu/i_tv80_core/TmpAddr[15]_i_1_n_0                   | dkong_i/dkong_system_wrapper_0/inst/inst/mycpu/i_tv80_core/rst_n_0               |                5 |              8 |
|  dkong_i/dkong_system_wrapper_0/inst/inst/vid/Q[1] | dkong_i/dkong_system_wrapper_0/inst/inst/mycpu/i_tv80_core/dout[7]_i_1_n_0                       | dkong_i/dkong_system_wrapper_0/inst/inst/mycpu/i_tv80_core/rst_n_0               |                3 |              8 |
|  dkong_i/clk_wiz_0/inst/soundclk                   | dkong_i/dkong_system_wrapper_0/inst/inst/sou/cpu/clock_ctrl_b/use_xtal_div.xtal_q_reg[0]_2[0]    | dkong_i/dkong_system_wrapper_0/inst/inst/mycpu/i_tv80_core/rst_n_0               |                6 |              8 |
|  dkong_i/clk_wiz_0/inst/soundclk                   | dkong_i/dkong_system_wrapper_0/inst/inst/sou/cpu/clock_ctrl_b/use_xtal_div.xtal_q_reg[1]_0[0]    | dkong_i/dkong_system_wrapper_0/inst/inst/mycpu/i_tv80_core/rst_n_0               |                5 |              8 |
|  dkong_i/clk_wiz_0/inst/soundclk                   | dkong_i/dkong_system_wrapper_0/inst/inst/sou/cpu/decoder_b/int_b/use_xtal_div.xtal_q_reg[0]_0[0] | dkong_i/dkong_system_wrapper_0/inst/inst/mycpu/i_tv80_core/rst_n_0               |                4 |              8 |
|  dkong_i/clk_wiz_0/inst/coreclk                    | dkong_i/dkong_system_wrapper_0/inst/inst/vid/sprite/linebuffer/E[0]                              | dkong_i/dkong_system_wrapper_0/inst/inst/vid/sprite/linebuf_addr[7]_i_1_n_0      |                5 |              8 |
|  dkong_i/clk_wiz_0/inst/coreclk                    | dkong_i/dkong_system_wrapper_0/inst/inst/uart/tx_dev/r_Tx_Data                                   | dkong_i/dkong_system_wrapper_0/inst/inst/mycpu/i_tv80_core/rst_n_0               |                2 |              8 |
|  dkong_i/clk_wiz_0/inst/coreclk                    | dkong_i/dkong_system_wrapper_0/inst/inst/dmac/dma_addr[0][15]_i_1_n_0                            | dkong_i/dkong_system_wrapper_0/inst/inst/mycpu/i_tv80_core/rst_n_0               |                2 |              8 |
|  dkong_i/clk_wiz_0/inst/coreclk                    | dkong_i/dkong_system_wrapper_0/inst/inst/dmac/dma_addr[0][7]_i_1_n_0                             | dkong_i/dkong_system_wrapper_0/inst/inst/mycpu/i_tv80_core/rst_n_0               |                3 |              8 |
|  dkong_i/clk_wiz_0/inst/coreclk                    | dkong_i/dkong_system_wrapper_0/inst/inst/dmac/dma_addr[1][15]_i_1_n_0                            | dkong_i/dkong_system_wrapper_0/inst/inst/mycpu/i_tv80_core/rst_n_0               |                2 |              8 |
|  dkong_i/clk_wiz_0/inst/coreclk                    | dkong_i/dkong_system_wrapper_0/inst/inst/dmac/dma_addr[3][7]_i_1_n_0                             | dkong_i/dkong_system_wrapper_0/inst/inst/mycpu/i_tv80_core/rst_n_0               |                3 |              8 |
|  dkong_i/clk_wiz_0/inst/coreclk                    | dkong_i/dkong_system_wrapper_0/inst/inst/dmac/dma_addr[3][15]_i_1_n_0                            | dkong_i/dkong_system_wrapper_0/inst/inst/mycpu/i_tv80_core/rst_n_0               |                2 |              8 |
|  dkong_i/clk_wiz_0/inst/coreclk                    | dkong_i/dkong_system_wrapper_0/inst/inst/dmac/dma_addr[1][7]_i_1_n_0                             | dkong_i/dkong_system_wrapper_0/inst/inst/mycpu/i_tv80_core/rst_n_0               |                2 |              8 |
|  dkong_i/clk_wiz_0/inst/coreclk                    | dkong_i/dkong_system_wrapper_0/inst/inst/dmac/m_obus[dmaster][7]_i_1_n_0                         |                                                                                  |                2 |              8 |
|  dkong_i/clk_wiz_0/inst/coreclk                    | dkong_i/dkong_system_wrapper_0/inst/inst/dmac/dma_value                                          |                                                                                  |                2 |              8 |
|  dkong_i/clk_wiz_0/inst/coreclk                    | dkong_i/dkong_system_wrapper_0/inst/inst/dmac/s_obus[dslave][7]_i_1_n_0                          |                                                                                  |                4 |              8 |
|  dkong_i/clk_wiz_0/inst/coreclk                    | dkong_i/dkong_system_wrapper_0/inst/inst/vid/Q[0]                                                | dkong_i/dkong_system_wrapper_0/inst/inst/vid/pal/r_sig[2]_i_1_n_0                |                4 |              8 |
|  dkong_i/clk_wiz_0/inst/coreclk                    | dkong_i/dkong_system_wrapper_0/inst/inst/cpu_clk_rise                                            | dkong_i/dkong_system_wrapper_0/inst/inst/mycpu/i_tv80_core/rst_n_0               |                4 |              8 |
|  dkong_i/clk_wiz_0/inst/coreclk                    | dkong_i/dkong_system_wrapper_0/inst/inst/vid/sprite/p_0_in_0                                     | dkong_i/dkong_system_wrapper_0/inst/inst/mycpu/i_tv80_core/rst_n_0               |                2 |              8 |
|  dkong_i/clk_wiz_0/inst/coreclk                    | dkong_i/dkong_system_wrapper_0/inst/inst/vid/sprite/sprite_vflip_i_1_n_0                         | dkong_i/dkong_system_wrapper_0/inst/inst/mycpu/i_tv80_core/rst_n_0               |                2 |              8 |
|  dkong_i/clk_wiz_0/inst/coreclk                    | dkong_i/dkong_system_wrapper_0/inst/inst/vid/sprite/scratch_load_addr0                           | dkong_i/dkong_system_wrapper_0/inst/inst/vid/sprite/scratch_load_addr[7]_i_1_n_0 |                2 |              8 |
|  dkong_i/clk_wiz_0/inst/coreclk                    | dkong_i/dkong_system_wrapper_0/inst/inst/vid/sprite/E[0]                                         |                                                                                  |                2 |              8 |
|  dkong_i/clk_wiz_0/inst/coreclk                    | dkong_i/dkong_system_wrapper_0/inst/inst/mycpu/i_tv80_core/E[0]                                  |                                                                                  |                3 |              8 |
|  dkong_i/clk_wiz_0/inst/coreclk                    | dkong_i/dkong_system_wrapper_0/inst/inst/mycpu/i_tv80_core/first_last_reg_9[1]                   | dkong_i/dkong_system_wrapper_0/inst/inst/mycpu/i_tv80_core/rst_n_0               |                4 |              8 |
|  dkong_i/clk_wiz_0/inst/coreclk                    | dkong_i/dkong_system_wrapper_0/inst/inst/mycpu/i_tv80_core/first_last_reg_9[0]                   | dkong_i/dkong_system_wrapper_0/inst/inst/mycpu/i_tv80_core/rst_n_0               |                4 |              8 |
|  dkong_i/dkong_system_wrapper_0/inst/inst/vid/Q[1] | dkong_i/dkong_system_wrapper_0/inst/inst/mycpu/i_tv80_core/ACC[7]_i_1_n_0                        | dkong_i/dkong_system_wrapper_0/inst/inst/mycpu/i_tv80_core/rst_n_0               |                2 |              8 |
|  dkong_i/dkong_system_wrapper_0/inst/inst/vid/Q[1] | dkong_i/dkong_system_wrapper_0/inst/inst/mycpu/i_tv80_core/I                                     | dkong_i/dkong_system_wrapper_0/inst/inst/mycpu/i_tv80_core/rst_n_0               |                4 |              8 |
|  dkong_i/dkong_system_wrapper_0/inst/inst/vid/Q[1] | dkong_i/dkong_system_wrapper_0/inst/inst/mycpu/i_tv80_core/tstate_reg[2]_0[0]                    | dkong_i/dkong_system_wrapper_0/inst/inst/mycpu/i_tv80_core/rst_n_0               |                2 |              8 |
|  dkong_i/clk_wiz_0/inst/coreclk                    | dkong_i/dkong_system_wrapper_0/inst/inst/vid/sprite/scratchpad/scratch_wr                        |                                                                                  |                3 |              9 |
|  dkong_i/clk_wiz_0/inst/coreclk                    | dkong_i/dkong_system_wrapper_0/inst/inst/vid/vtiming[8]_i_1_n_0                                  | dkong_i/dkong_system_wrapper_0/inst/inst/mycpu/i_tv80_core/rst_n_0               |                4 |              9 |
|  dkong_i/dkong_system_wrapper_0/inst/inst/vid/Q[1] | dkong_i/dkong_system_wrapper_0/inst/inst/mycpu/i_tv80_core/mcycle[6]_i_1_n_0                     | dkong_i/dkong_system_wrapper_0/inst/inst/mycpu/i_tv80_core/rst_n_0               |                5 |              9 |
|  dkong_i/clk_wiz_0/inst/vgaclk                     | dkong_i/framedoubler_slow_0/inst/out_hcount[9]_i_2_n_0                                           | dkong_i/framedoubler_slow_0/inst/RSTC                                            |                4 |             10 |
|  dkong_i/clk_wiz_0/inst/vgaclk                     | dkong_i/framedoubler_slow_0/inst/out_vcount[9]_i_1_n_0                                           | dkong_i/framedoubler_slow_0/inst/RSTC                                            |                4 |             10 |
|  dkong_i/clk_wiz_0/inst/coreclk                    | dkong_i/dkong_system_wrapper_0/inst/inst/vid/sprite/phi_reg[0]                                   | dkong_i/dkong_system_wrapper_0/inst/inst/mycpu/i_tv80_core/rst_n_0               |                5 |             10 |
|  dkong_i/dkong_system_wrapper_0/inst/inst/vid/Q[1] | dkong_i/dkong_system_wrapper_0/inst/inst/mycpu/i_tv80_core/IR                                    | dkong_i/dkong_system_wrapper_0/inst/inst/mycpu/i_tv80_core/rst_n_0               |                3 |             10 |
|  dkong_i/clk_wiz_0/inst/soundclk                   | dkong_i/dkong_system_wrapper_0/inst/inst/sou/cpu/clock_ctrl_b/second_cycle_q_reg_9[0]            | dkong_i/dkong_system_wrapper_0/inst/inst/mycpu/i_tv80_core/rst_n_0               |                5 |             11 |
|  dkong_i/clk_wiz_0/inst/soundclk                   | dkong_i/dkong_system_wrapper_0/inst/inst/sou/cpu/clock_ctrl_b/xtal3                              | dkong_i/dkong_system_wrapper_0/inst/inst/mycpu/i_tv80_core/rst_n_0               |                5 |             14 |
|  dkong_i/clk_wiz_0/inst/coreclk                    | dkong_i/dkong_system_wrapper_0/inst/inst/dmac/dma_cnt[3][0]_i_1_n_0                              | dkong_i/dkong_system_wrapper_0/inst/inst/mycpu/i_tv80_core/rst_n_0               |                4 |             14 |
|  dkong_i/clk_wiz_0/inst/coreclk                    | dkong_i/dkong_system_wrapper_0/inst/inst/dmac/dma_cnt                                            | dkong_i/dkong_system_wrapper_0/inst/inst/mycpu/i_tv80_core/rst_n_0               |                4 |             14 |
|  dkong_i/clk_wiz_0/inst/coreclk                    | dkong_i/dkong_system_wrapper_0/inst/inst/dmac/dma_cnt[0][13]_i_1_n_0                             | dkong_i/dkong_system_wrapper_0/inst/inst/mycpu/i_tv80_core/rst_n_0               |                6 |             14 |
|  dkong_i/clk_wiz_0/inst/coreclk                    | dkong_i/dkong_system_wrapper_0/inst/inst/dmac/dma_cnt[2][0]_i_1_n_0                              | dkong_i/dkong_system_wrapper_0/inst/inst/mycpu/i_tv80_core/rst_n_0               |                4 |             14 |
|  dkong_i/clk_wiz_0/inst/soundclk                   | dkong_i/dkong_system_wrapper_0/inst/inst/sou/cpu/clock_ctrl_b/E[0]                               | dkong_i/dkong_system_wrapper_0/inst/inst/mycpu/i_tv80_core/rst_n_0               |                5 |             16 |
|  dkong_i/clk_wiz_0/inst/coreclk                    | dkong_i/framedoubler_slow_0/inst/in_do_write                                                     | dkong_i/framedoubler_slow_0/inst/in_ptr[15]_i_1_n_0                              |                3 |             16 |
|  dkong_i/clk_wiz_0/inst/coreclk                    | dkong_i/dkong_system_wrapper_0/inst/inst/dmac/m_obus[addr][15]_i_1_n_0                           |                                                                                  |                8 |             16 |
|  dkong_i/clk_wiz_0/inst/coreclk                    | dkong_i/dkong_system_wrapper_0/inst/inst/vid/sprite/scratch_din[7]_i_1_n_0                       |                                                                                  |                7 |             16 |
|  dkong_i/dkong_system_wrapper_0/inst/inst/vid/Q[1] | dkong_i/dkong_system_wrapper_0/inst/inst/mycpu/i_tv80_core/BTR_r                                 | dkong_i/dkong_system_wrapper_0/inst/inst/mycpu/i_tv80_core/rst_n_0               |               15 |             16 |
|  dkong_i/dkong_system_wrapper_0/inst/inst/vid/Q[1] | dkong_i/dkong_system_wrapper_0/inst/inst/mycpu/i_tv80_core/Ap                                    | dkong_i/dkong_system_wrapper_0/inst/inst/mycpu/i_tv80_core/rst_n_0               |               10 |             16 |
|  dkong_i/dkong_system_wrapper_0/inst/inst/vid/Q[1] | dkong_i/dkong_system_wrapper_0/inst/inst/mycpu/i_tv80_core/PC                                    | dkong_i/dkong_system_wrapper_0/inst/inst/mycpu/i_tv80_core/rst_n_0               |                4 |             16 |
|  dkong_i/dkong_system_wrapper_0/inst/inst/vid/Q[1] | dkong_i/dkong_system_wrapper_0/inst/inst/mycpu/i_tv80_core/cpu_busack                            | dkong_i/dkong_system_wrapper_0/inst/inst/mycpu/i_tv80_core/rst_n_0               |               10 |             16 |
|  dkong_i/clk_wiz_0/inst/coreclk                    | dkong_i/dkong_system_wrapper_0/inst/inst/vid/tile/htiming_reg[3][0]                              |                                                                                  |                5 |             16 |
|  dkong_i/dkong_system_wrapper_0/inst/inst/vid/Q[1] | dkong_i/dkong_system_wrapper_0/inst/inst/mycpu/i_tv80_core/i_reg/RegsH_reg_0_7_0_1_i_1_n_0       |                                                                                  |                4 |             32 |
|  dkong_i/dkong_system_wrapper_0/inst/inst/vid/Q[1] | dkong_i/dkong_system_wrapper_0/inst/inst/mycpu/i_tv80_core/i_reg/RegsL_reg_0_7_0_1_i_1_n_0       |                                                                                  |                4 |             32 |
|  dkong_i/dkong_system_wrapper_0/inst/inst/vid/Q[1] |                                                                                                  | dkong_i/dkong_system_wrapper_0/inst/inst/mycpu/i_tv80_core/rst_n_0               |               19 |             34 |
|  dkong_i/dkong_system_wrapper_0/inst/inst/vid/Q[1] | dkong_i/dkong_system_wrapper_0/inst/inst/mycpu/i_tv80_core/cpu_busack                            |                                                                                  |               22 |             37 |
|  dkong_i/clk_wiz_0/inst/soundclk                   |                                                                                                  | dkong_i/dkong_system_wrapper_0/inst/inst/mycpu/i_tv80_core/rst_n_0               |               15 |             40 |
|  dkong_i/clk_wiz_0/inst/coreclk                    |                                                                                                  | dkong_i/dkong_system_wrapper_0/inst/inst/mycpu/i_tv80_core/rst_n_0               |               19 |             40 |
|  dkong_i/clk_wiz_0/inst/vgaclk                     |                                                                                                  |                                                                                  |               21 |             50 |
|  dkong_i/clk_wiz_0/inst/coreclk                    |                                                                                                  |                                                                                  |               47 |             98 |
+----------------------------------------------------+--------------------------------------------------------------------------------------------------+----------------------------------------------------------------------------------+------------------+----------------+


